2024-02-10 10:01:05 192.168.1.10 GET /login 200
